X,Acidithiobacillus_ferrooxidans.txt,Streptococcus_mutans.txt,
iron_aquisition-iron_transport,2,4,
iron_aquisition-heme_transport,0,0,
iron_aquisition-heme_oxygenase,0,0,
iron_aquisition-siderophore_synthesis,0,0,
iron_aquisition-siderophore_transport,38,4,
iron_gene_regulation,1,2,
iron_oxidation,4,0,
possible_iron_oxidation_and_possible_iron_reduction,0,0,
probable_iron_reduction,0,0,
iron_reduction,0,0,
iron_storage,1,1,
magnetosome_formation,0,0,
